// Jest Snapshot v1, https://goo.gl/fbAQLP

exports[`Button snapshot renders 1`] = `
<button
  className="button-35-default-default"
/>
`;
